interactions:
- request:
    body: grant_type=client_credentials&client_id=A2345857-0D90-4DCA-B289-EC52B35BED33&client_secret=BFF7566B-1C32-4610-AED2-55365BD5C1ED
    headers:
      Accept:
      - '*/*'
      Accept-Encoding:
      - gzip, deflate
      Connection:
      - keep-alive
      Content-Length:
      - '127'
      Content-Type:
      - application/x-www-form-urlencoded
      User-Agent:
      - python-requests/2.21.0
    method: POST
    uri: https://api.tcgplayer.com/token
  response:
    body:
      string: '{"access_token":"WIjh-5ORUAUwGqoaM7rZQAxU68CjxIcRoRJFpuTflYqlOR58SwpoOgv7d3aNetBklt0baS1dmXK470Q4xIm8cZrfua4OG9nAtkSp2S-pt1dhMhUiFV-gKpMQz8Q_iNSsbFuHd8u_CvkgbVeA94F3FdvhhKiiIQ4_TD7v461X-7WcwMnWfQfwj5IqokVcVfn2QUEHeqDaZcQ5GzERH_6GiGRck89WLysQ53h5Qo05QT3CE2HrNr6sA_nt5KRX5tIdkJbm6TqxrFlDnedrS6ABMdfn_oxFiXTwyvWmrDKR9SA5B8epvId0fej38UgSApz2KfG5cA","token_type":"bearer","expires_in":1209599,"userName":"a2345857-0d90-4dca-b289-ec52b35bed33",".issued":"Mon,
        08 Apr 2019 23:45:58 GMT",".expires":"Mon, 22 Apr 2019 23:45:58 GMT"}'
    headers:
      Cache-Control:
      - no-cache
      Content-Length:
      - '523'
      Content-Type:
      - application/json;charset=UTF-8
      Date:
      - Mon, 08 Apr 2019 23:45:57 GMT
      Expires:
      - '-1'
      Pragma:
      - no-cache
      Server:
      - Microsoft-IIS/8.5
    status:
      code: 200
      message: OK
- request:
    body: null
    headers:
      Accept:
      - application/json
      Accept-Encoding:
      - gzip, deflate
      Authorization:
      - bearer WIjh-5ORUAUwGqoaM7rZQAxU68CjxIcRoRJFpuTflYqlOR58SwpoOgv7d3aNetBklt0baS1dmXK470Q4xIm8cZrfua4OG9nAtkSp2S-pt1dhMhUiFV-gKpMQz8Q_iNSsbFuHd8u_CvkgbVeA94F3FdvhhKiiIQ4_TD7v461X-7WcwMnWfQfwj5IqokVcVfn2QUEHeqDaZcQ5GzERH_6GiGRck89WLysQ53h5Qo05QT3CE2HrNr6sA_nt5KRX5tIdkJbm6TqxrFlDnedrS6ABMdfn_oxFiXTwyvWmrDKR9SA5B8epvId0fej38UgSApz2KfG5cA
      Connection:
      - keep-alive
      User-Agent:
      - python-requests/2.21.0
    method: GET
    uri: http://api.tcgplayer.com/catalog/groups?categoryId=1&limit=100
  response:
    body:
      string: '{"totalItems":238,"success":true,"errors":[],"results":[{"groupId":1,"name":"10th
        Edition","abbreviation":"10E","isSupplemental":false,"publishedOn":"2007-07-13T00:00:00","modifiedOn":"2019-04-06T11:59:26.71","categoryId":1},{"groupId":2,"name":"7th
        Edition","abbreviation":"7ED","isSupplemental":false,"publishedOn":"2001-04-11T00:00:00","modifiedOn":"2019-03-31T16:41:20.503","categoryId":1},{"groupId":3,"name":"8th
        Edition","abbreviation":"8ED","isSupplemental":false,"publishedOn":"2003-04-28T00:00:00","modifiedOn":"2019-04-08T11:45:59.757","categoryId":1},{"groupId":4,"name":"9th
        Edition","abbreviation":"9ED","isSupplemental":false,"publishedOn":"2005-04-29T00:00:00","modifiedOn":"2019-04-08T17:38:43.193","categoryId":1},{"groupId":1857,"name":"Aether
        Revolt","abbreviation":"AER","isSupplemental":false,"publishedOn":"2017-01-20T00:00:00","modifiedOn":"2019-04-08T18:17:36.603","categoryId":1},{"groupId":5,"name":"Alara
        Reborn","abbreviation":"ARB","isSupplemental":false,"publishedOn":"2009-04-30T00:00:00","modifiedOn":"2019-04-08T14:03:19.55","categoryId":1},{"groupId":6,"name":"Alliances","abbreviation":"ALL","isSupplemental":false,"publishedOn":"1996-06-10T00:00:00","modifiedOn":"2019-04-07T15:16:02.313","categoryId":1},{"groupId":7,"name":"Alpha
        Edition","abbreviation":"LEA","isSupplemental":false,"publishedOn":"1993-09-05T00:00:00","modifiedOn":"2019-04-05T17:42:30.353","categoryId":1},{"groupId":1882,"name":"Amonkhet","abbreviation":"AKH","isSupplemental":false,"publishedOn":"2017-04-28T00:00:00","modifiedOn":"2019-04-07T13:03:37.937","categoryId":1},{"groupId":1275,"name":"Anthologies","abbreviation":"ATH","isSupplemental":true,"publishedOn":"1998-11-02T00:00:00","modifiedOn":"2019-04-07T15:51:16.513","categoryId":1},{"groupId":8,"name":"Antiquities","abbreviation":"ATQ","isSupplemental":false,"publishedOn":"1994-03-07T00:00:00","modifiedOn":"2019-04-08T13:51:23.983","categoryId":1},{"groupId":9,"name":"APAC
        Lands","abbreviation":"APAC","isSupplemental":true,"publishedOn":"1998-09-04T00:00:00","modifiedOn":"2019-03-26T12:20:04.733","categoryId":1},{"groupId":10,"name":"Apocalypse","abbreviation":"APC","isSupplemental":false,"publishedOn":"2001-06-04T00:00:00","modifiedOn":"2019-04-05T14:09:23.17","categoryId":1},{"groupId":11,"name":"Arabian
        Nights","abbreviation":"ARN","isSupplemental":false,"publishedOn":"1963-03-01T00:00:00","modifiedOn":"2019-03-31T12:14:29.227","categoryId":1},{"groupId":12,"name":"Archenemy","abbreviation":"ARC","isSupplemental":true,"publishedOn":"2010-06-18T00:00:00","modifiedOn":"2019-03-25T04:34:29.457","categoryId":1},{"groupId":1904,"name":"Archenemy:
        Nicol Bolas","abbreviation":"AC2","isSupplemental":true,"publishedOn":"2017-06-16T00:00:00","modifiedOn":"2019-04-08T12:04:57.153","categoryId":1},{"groupId":13,"name":"Arena
        Promos","abbreviation":"ARENA","isSupplemental":true,"publishedOn":"1996-07-04T00:00:00","modifiedOn":"2019-03-27T12:55:53.597","categoryId":1},{"groupId":14,"name":"Astral","abbreviation":null,"isSupplemental":true,"publishedOn":"1959-01-26T00:00:00","modifiedOn":"2017-08-11T19:58:50.077","categoryId":1},{"groupId":362,"name":"Avacyn
        Restored","abbreviation":"AVR","isSupplemental":false,"publishedOn":"1969-02-01T00:00:00","modifiedOn":"2019-04-07T03:18:48.927","categoryId":1},{"groupId":1645,"name":"Battle
        for Zendikar","abbreviation":"BFZ","isSupplemental":false,"publishedOn":"2015-10-02T00:00:00","modifiedOn":"2019-04-08T12:36:28.113","categoryId":1},{"groupId":15,"name":"Battle
        Royale Box Set","abbreviation":"BRB","isSupplemental":true,"publishedOn":"1959-12-30T00:00:00","modifiedOn":"2019-04-03T17:48:47.71","categoryId":1},{"groupId":2245,"name":"Battlebond","abbreviation":"BBD","isSupplemental":false,"publishedOn":"2018-06-08T00:00:00","modifiedOn":"2019-04-08T19:00:18.047","categoryId":1},{"groupId":16,"name":"Beatdown
        Box Set","abbreviation":"BTD","isSupplemental":true,"publishedOn":"1959-12-31T00:00:00","modifiedOn":"2019-03-18T15:36:20.587","categoryId":1},{"groupId":17,"name":"Beta
        Edition","abbreviation":"LEB","isSupplemental":false,"publishedOn":"1993-10-04T00:00:00","modifiedOn":"2019-04-08T17:54:37.48","categoryId":1},{"groupId":18,"name":"Betrayers
        of Kamigawa","abbreviation":"BOK","isSupplemental":false,"publishedOn":"2005-02-04T00:00:00","modifiedOn":"2019-04-05T19:35:58.933","categoryId":1},{"groupId":1276,"name":"Born
        of the Gods","abbreviation":"BNG","isSupplemental":false,"publishedOn":"1969-09-01T00:00:00","modifiedOn":"2019-04-06T16:20:31.51","categoryId":1},{"groupId":19,"name":"Box
        Sets","abbreviation":null,"isSupplemental":true,"publishedOn":"1959-01-25T00:00:00","modifiedOn":"2017-03-01T11:03:36.18","categoryId":1},{"groupId":2156,"name":"Buy-A-Box
        Promos","abbreviation":"BABP","isSupplemental":true,"publishedOn":"2009-07-19T00:00:00","modifiedOn":"2019-04-08T20:32:29.707","categoryId":1},{"groupId":2203,"name":"Challenger
        Decks","abbreviation":"Q01","isSupplemental":true,"publishedOn":"2018-04-06T00:00:00","modifiedOn":"2019-03-20T18:06:12.737","categoryId":1},{"groupId":20,"name":"Champions
        of Kamigawa","abbreviation":"CHK","isSupplemental":false,"publishedOn":"2004-10-01T00:00:00","modifiedOn":"2019-04-08T17:37:56.157","categoryId":1},{"groupId":21,"name":"Champs
        Promos","abbreviation":"CHAMPS","isSupplemental":true,"publishedOn":"2006-03-18T00:00:00","modifiedOn":"2019-01-27T20:21:31.553","categoryId":1},{"groupId":22,"name":"Chronicles","abbreviation":"CHR","isSupplemental":true,"publishedOn":"1995-04-03T00:00:00","modifiedOn":"2019-04-07T13:57:55.113","categoryId":1},{"groupId":23,"name":"Classic
        Sixth Edition","abbreviation":"6ED","isSupplemental":false,"publishedOn":"1999-04-28T00:00:00","modifiedOn":"2019-04-08T11:57:54.88","categoryId":1},{"groupId":24,"name":"Coldsnap","abbreviation":"CSP","isSupplemental":false,"publishedOn":"2006-07-21T00:00:00","modifiedOn":"2019-04-07T14:32:51.02","categoryId":1},{"groupId":1348,"name":"Coldsnap
        Theme Deck Reprints","abbreviation":"CTD","isSupplemental":true,"publishedOn":"2006-07-21T00:00:00","modifiedOn":"2019-04-05T16:21:28.297","categoryId":1},{"groupId":1526,"name":"Collector''s
        Edition","abbreviation":"CED","isSupplemental":true,"publishedOn":"1993-12-03T00:00:00","modifiedOn":"2019-03-23T17:39:19.633","categoryId":1},{"groupId":25,"name":"Commander","abbreviation":"CMD","isSupplemental":true,"publishedOn":"1962-06-01T00:00:00","modifiedOn":"2019-04-07T18:11:40.793","categoryId":1},{"groupId":1164,"name":"Commander
        2013","abbreviation":"C13","isSupplemental":true,"publishedOn":"1962-07-01T00:00:00","modifiedOn":"2019-04-07T16:48:34.04","categoryId":1},{"groupId":1476,"name":"Commander
        2014","abbreviation":"C14","isSupplemental":true,"publishedOn":"2014-11-07T00:00:00","modifiedOn":"2019-04-07T17:18:19.713","categoryId":1},{"groupId":1673,"name":"Commander
        2015","abbreviation":"C15","isSupplemental":true,"publishedOn":"2015-11-13T00:00:00","modifiedOn":"2019-04-06T14:47:35.973","categoryId":1},{"groupId":1792,"name":"Commander
        2016","abbreviation":"C16","isSupplemental":true,"publishedOn":"2016-11-11T00:00:00","modifiedOn":"2019-04-05T19:40:36.327","categoryId":1},{"groupId":2009,"name":"Commander
        2017","abbreviation":"C17","isSupplemental":true,"publishedOn":"2017-08-25T00:00:00","modifiedOn":"2019-04-08T17:16:13.137","categoryId":1},{"groupId":2251,"name":"Commander
        2018","abbreviation":"C18","isSupplemental":true,"publishedOn":"2018-08-10T00:00:00","modifiedOn":"2019-04-08T14:33:39.39","categoryId":1},{"groupId":1933,"name":"Commander
        Anthology","abbreviation":"CMA","isSupplemental":true,"publishedOn":"2017-06-09T00:00:00","modifiedOn":"2019-04-02T14:46:35.787","categoryId":1},{"groupId":2246,"name":"Commander
        Anthology Volume II","abbreviation":"CM2","isSupplemental":true,"publishedOn":"2018-06-08T00:00:00","modifiedOn":"2019-04-08T14:30:45.11","categoryId":1},{"groupId":568,"name":"Commander''s
        Arsenal","abbreviation":"CM1","isSupplemental":true,"publishedOn":"1962-08-01T00:00:00","modifiedOn":"2018-12-15T00:00:26.067","categoryId":1},{"groupId":26,"name":"Conflux","abbreviation":"CON","isSupplemental":false,"publishedOn":"2009-02-06T00:00:00","modifiedOn":"2019-04-07T16:49:05.2","categoryId":1},{"groupId":1312,"name":"Conspiracy","abbreviation":"CNS","isSupplemental":true,"publishedOn":"1962-03-02T00:00:00","modifiedOn":"2019-04-08T17:14:31.6","categoryId":1},{"groupId":1794,"name":"Conspiracy:
        Take the Crown","abbreviation":"CN2","isSupplemental":true,"publishedOn":"2016-08-26T00:00:00","modifiedOn":"2019-04-08T12:13:03.033","categoryId":1},{"groupId":2250,"name":"Core
        Set 2019","abbreviation":"M19","isSupplemental":false,"publishedOn":"2018-07-13T00:00:00","modifiedOn":"2019-04-08T15:07:12.3","categoryId":1},{"groupId":2441,"name":"Core
        Set 2020","abbreviation":"M20","isSupplemental":false,"publishedOn":"2019-07-12T00:00:00","modifiedOn":"2019-04-05T16:44:40.887","categoryId":1},{"groupId":125,"name":"Dark
        Ascension","abbreviation":"DKA","isSupplemental":false,"publishedOn":"1969-01-01T00:00:00","modifiedOn":"2019-04-06T03:54:30.083","categoryId":1},{"groupId":27,"name":"Darksteel","abbreviation":"DST","isSupplemental":false,"publishedOn":"2004-02-06T00:00:00","modifiedOn":"2019-04-06T11:28:22.187","categoryId":1},{"groupId":1311,"name":"Deckmasters
        Garfield vs Finkel","abbreviation":"DKM","isSupplemental":true,"publishedOn":"1960-01-01T00:00:00","modifiedOn":"2019-03-15T16:37:25.073","categoryId":1},{"groupId":28,"name":"Dissension","abbreviation":"DIS","isSupplemental":false,"publishedOn":"2006-05-06T00:00:00","modifiedOn":"2019-04-06T12:46:26.453","categoryId":1},{"groupId":2199,"name":"Dominaria","abbreviation":"DOM","isSupplemental":false,"publishedOn":"2018-04-27T00:00:00","modifiedOn":"2019-04-08T08:28:02.003","categoryId":1},{"groupId":570,"name":"Dragon''s
        Maze","abbreviation":"DGM","isSupplemental":false,"publishedOn":"1969-06-01T00:00:00","modifiedOn":"2019-04-08T12:30:41.713","categoryId":1},{"groupId":1515,"name":"Dragons
        of Tarkir","abbreviation":"DTK","isSupplemental":false,"publishedOn":"2015-03-27T00:00:00","modifiedOn":"2019-04-08T13:27:12.05","categoryId":1},{"groupId":29,"name":"Duel
        Decks","abbreviation":null,"isSupplemental":true,"publishedOn":"1959-01-22T00:00:00","modifiedOn":"2017-03-01T11:03:36.18","categoryId":1},{"groupId":30,"name":"Duel
        Decks: Ajani vs. Nicol Bolas","abbreviation":"DDH","isSupplemental":true,"publishedOn":"1961-03-08T00:00:00","modifiedOn":"2019-03-29T14:16:06.99","categoryId":1},{"groupId":1490,"name":"Duel
        Decks: Anthology","abbreviation":"DD3","isSupplemental":true,"publishedOn":"2014-12-05T00:00:00","modifiedOn":"2019-04-08T13:07:22.503","categoryId":1},{"groupId":1726,"name":"Duel
        Decks: Blessed vs. Cursed","abbreviation":"DDQ","isSupplemental":true,"publishedOn":"2016-02-26T00:00:00","modifiedOn":"2019-03-29T18:04:27.13","categoryId":1},{"groupId":31,"name":"Duel
        Decks: Divine vs. Demonic","abbreviation":"DDC","isSupplemental":true,"publishedOn":"1961-03-03T00:00:00","modifiedOn":"2019-04-07T17:25:35.493","categoryId":1},{"groupId":1511,"name":"Duel
        Decks: Elspeth vs. Kiora","abbreviation":"DDO","isSupplemental":true,"publishedOn":"2015-02-27T00:00:00","modifiedOn":"2019-04-07T12:11:28.1","categoryId":1},{"groupId":32,"name":"Duel
        Decks: Elspeth vs. Tezzeret","abbreviation":"DDF","isSupplemental":true,"publishedOn":"1961-03-06T00:00:00","modifiedOn":"2019-04-08T03:54:56.44","categoryId":1},{"groupId":33,"name":"Duel
        Decks: Elves vs. Goblins","abbreviation":"EVG","isSupplemental":true,"publishedOn":"1961-03-01T00:00:00","modifiedOn":"2019-04-06T12:48:00.203","categoryId":1},{"groupId":2207,"name":"Duel
        Decks: Elves vs. Inventors","abbreviation":"DDU","isSupplemental":true,"publishedOn":"2018-04-06T00:00:00","modifiedOn":"2019-04-08T15:23:00.997","categoryId":1},{"groupId":34,"name":"Duel
        Decks: Garruk vs. Liliana","abbreviation":"DDD","isSupplemental":true,"publishedOn":"1961-03-04T00:00:00","modifiedOn":"2019-04-06T16:20:16.39","categoryId":1},{"groupId":1145,"name":"Duel
        Decks: Heroes vs. Monsters","abbreviation":"DDL","isSupplemental":true,"publishedOn":"1961-03-12T00:00:00","modifiedOn":"2019-04-06T11:59:41.523","categoryId":1},{"groupId":365,"name":"Duel
        Decks: Izzet vs. Golgari","abbreviation":"DDJ","isSupplemental":true,"publishedOn":"1961-03-10T00:00:00","modifiedOn":"2019-03-29T05:19:34.213","categoryId":1},{"groupId":35,"name":"Duel
        Decks: Jace vs. Chandra","abbreviation":"DD2","isSupplemental":true,"publishedOn":"1961-03-02T00:00:00","modifiedOn":"2019-04-05T16:19:32.27","categoryId":1},{"groupId":1166,"name":"Duel
        Decks: Jace vs. Vraska","abbreviation":"DDM","isSupplemental":true,"publishedOn":"1961-03-13T00:00:00","modifiedOn":"2019-04-04T12:46:15.683","categoryId":1},{"groupId":36,"name":"Duel
        Decks: Knights vs. Dragons","abbreviation":"DDG","isSupplemental":true,"publishedOn":"1961-03-07T00:00:00","modifiedOn":"2019-04-07T12:09:20.437","categoryId":1},{"groupId":2076,"name":"Duel
        Decks: Merfolk vs. Goblins","abbreviation":"DDT","isSupplemental":true,"publishedOn":"2017-11-10T00:00:00","modifiedOn":"2019-04-01T01:46:07.743","categoryId":1},{"groupId":1905,"name":"Duel
        Decks: Mind vs. Might","abbreviation":"DDS","isSupplemental":true,"publishedOn":"2017-03-31T00:00:00","modifiedOn":"2019-03-19T12:51:33.973","categoryId":1},{"groupId":1835,"name":"Duel
        Decks: Nissa vs. Ob Nixilis","abbreviation":"DDR","isSupplemental":true,"publishedOn":"2016-09-02T00:00:00","modifiedOn":"2019-04-08T11:53:42.223","categoryId":1},{"groupId":37,"name":"Duel
        Decks: Phyrexia vs. the Coalition","abbreviation":"DDE","isSupplemental":true,"publishedOn":"1961-03-05T00:00:00","modifiedOn":"2019-04-03T12:19:13.667","categoryId":1},{"groupId":601,"name":"Duel
        Decks: Sorin vs. Tibalt","abbreviation":"DDK","isSupplemental":true,"publishedOn":"1961-03-11T00:00:00","modifiedOn":"2019-04-02T17:31:54.583","categoryId":1},{"groupId":1477,"name":"Duel
        Decks: Speed vs. Cunning","abbreviation":"DDN","isSupplemental":true,"publishedOn":"1961-03-14T00:00:00","modifiedOn":"2019-03-28T17:21:32.943","categoryId":1},{"groupId":367,"name":"Duel
        Decks: Venser vs. Koth","abbreviation":"DDI","isSupplemental":true,"publishedOn":"1961-03-09T00:00:00","modifiedOn":"2019-04-08T12:56:42.127","categoryId":1},{"groupId":1641,"name":"Duel
        Decks: Zendikar vs. Eldrazi","abbreviation":"DDP","isSupplemental":true,"publishedOn":"2015-08-28T00:00:00","modifiedOn":"2019-04-07T17:17:03.033","categoryId":1},{"groupId":1274,"name":"Duels
        of the Planeswalkers","abbreviation":"DPA","isSupplemental":true,"publishedOn":"2009-06-17T00:00:00","modifiedOn":"2019-03-25T13:26:32.663","categoryId":1},{"groupId":1790,"name":"Eldritch
        Moon","abbreviation":"EMN","isSupplemental":false,"publishedOn":"2016-07-22T00:00:00","modifiedOn":"2019-04-08T15:10:40.527","categoryId":1},{"groupId":1740,"name":"Eternal
        Masters","abbreviation":"EMA","isSupplemental":true,"publishedOn":"2016-06-10T00:00:00","modifiedOn":"2019-04-08T18:15:36.617","categoryId":1},{"groupId":38,"name":"European
        Lands","abbreviation":"EURO","isSupplemental":true,"publishedOn":"2000-02-05T00:00:00","modifiedOn":"2018-11-05T13:42:41.753","categoryId":1},{"groupId":39,"name":"Eventide","abbreviation":"EVE","isSupplemental":false,"publishedOn":"2008-07-25T00:00:00","modifiedOn":"2019-04-07T18:02:11.95","categoryId":1},{"groupId":40,"name":"Exodus","abbreviation":"EXO","isSupplemental":false,"publishedOn":"1998-06-15T00:00:00","modifiedOn":"2019-04-08T15:39:11.24","categoryId":1},{"groupId":2077,"name":"Explorers
        of Ixalan","abbreviation":"E02","isSupplemental":true,"publishedOn":"2017-11-24T00:00:00","modifiedOn":"2019-03-30T13:57:43.357","categoryId":1},{"groupId":41,"name":"Fallen
        Empires","abbreviation":"FEM","isSupplemental":false,"publishedOn":"1994-11-07T00:00:00","modifiedOn":"2019-04-03T13:09:24.707","categoryId":1},{"groupId":1497,"name":"Fate
        Reforged","abbreviation":"FRF","isSupplemental":false,"publishedOn":"2015-01-23T00:00:00","modifiedOn":"2019-04-08T14:46:17.103","categoryId":1},{"groupId":43,"name":"Fifth
        Dawn","abbreviation":"5DN","isSupplemental":false,"publishedOn":"2004-06-04T00:00:00","modifiedOn":"2019-04-08T14:02:49.977","categoryId":1},{"groupId":44,"name":"Fifth
        Edition","abbreviation":"5ED","isSupplemental":false,"publishedOn":"1997-03-24T00:00:00","modifiedOn":"2019-04-08T15:14:40.92","categoryId":1},{"groupId":45,"name":"FNM
        Promos","abbreviation":"FNM","isSupplemental":true,"publishedOn":"2000-02-01T00:00:00","modifiedOn":"2019-04-08T14:41:12.153","categoryId":1},{"groupId":46,"name":"Fourth
        Edition","abbreviation":"4ED","isSupplemental":false,"publishedOn":"1995-04-03T00:00:00","modifiedOn":"2019-04-07T12:11:32.347","categoryId":1},{"groupId":1688,"name":"Fourth
        Edition (Foreign Black Border)","abbreviation":null,"isSupplemental":true,"publishedOn":"2019-04-08T23:45:58.5741026Z","modifiedOn":"2019-04-01T18:44:56.15","categoryId":1},{"groupId":1687,"name":"Fourth
        Edition (Foreign White Border)","abbreviation":null,"isSupplemental":true,"publishedOn":"2019-04-08T23:45:58.5741026Z","modifiedOn":"2017-11-28T11:32:14.507","categoryId":1},{"groupId":1577,"name":"From
        the Vault: Angels","abbreviation":"V15","isSupplemental":true,"publishedOn":"2015-08-21T00:00:00","modifiedOn":"2019-04-04T19:06:28.36","categoryId":1},{"groupId":1475,"name":"From
        the Vault: Annihilation","abbreviation":"V14","isSupplemental":true,"publishedOn":"1961-02-02T00:00:00","modifiedOn":"2019-04-03T12:00:21.183","categoryId":1},{"groupId":47,"name":"From
        the Vault: Dragons","abbreviation":"DRB","isSupplemental":true,"publishedOn":"1960-09-01T00:00:00","modifiedOn":"2018-10-23T18:07:41.07","categoryId":1},{"groupId":48,"name":"From
        the Vault: Exiled","abbreviation":"V09","isSupplemental":true,"publishedOn":"1960-10-01T00:00:00","modifiedOn":"2018-12-19T14:16:37.897","categoryId":1}]}'
    headers:
      Cache-Control:
      - no-cache
      Content-Length:
      - '17807'
      Content-Type:
      - application/json; charset=utf-8
      Date:
      - Mon, 08 Apr 2019 23:45:58 GMT
      Expires:
      - '-1'
      Pragma:
      - no-cache
      Server:
      - Microsoft-IIS/8.5
      X-AspNet-Version:
      - 4.0.30319
    status:
      code: 200
      message: OK
- request:
    body: null
    headers:
      Accept:
      - application/json
      Accept-Encoding:
      - gzip, deflate
      Authorization:
      - bearer WIjh-5ORUAUwGqoaM7rZQAxU68CjxIcRoRJFpuTflYqlOR58SwpoOgv7d3aNetBklt0baS1dmXK470Q4xIm8cZrfua4OG9nAtkSp2S-pt1dhMhUiFV-gKpMQz8Q_iNSsbFuHd8u_CvkgbVeA94F3FdvhhKiiIQ4_TD7v461X-7WcwMnWfQfwj5IqokVcVfn2QUEHeqDaZcQ5GzERH_6GiGRck89WLysQ53h5Qo05QT3CE2HrNr6sA_nt5KRX5tIdkJbm6TqxrFlDnedrS6ABMdfn_oxFiXTwyvWmrDKR9SA5B8epvId0fej38UgSApz2KfG5cA
      Connection:
      - keep-alive
      User-Agent:
      - python-requests/2.21.0
    method: GET
    uri: http://api.tcgplayer.com/catalog/groups?categoryId=1&limit=100&offset=0
  response:
    body:
      string: '{"totalItems":238,"success":true,"errors":[],"results":[{"groupId":1,"name":"10th
        Edition","abbreviation":"10E","isSupplemental":false,"publishedOn":"2007-07-13T00:00:00","modifiedOn":"2019-04-06T11:59:26.71","categoryId":1},{"groupId":2,"name":"7th
        Edition","abbreviation":"7ED","isSupplemental":false,"publishedOn":"2001-04-11T00:00:00","modifiedOn":"2019-03-31T16:41:20.503","categoryId":1},{"groupId":3,"name":"8th
        Edition","abbreviation":"8ED","isSupplemental":false,"publishedOn":"2003-04-28T00:00:00","modifiedOn":"2019-04-08T11:45:59.757","categoryId":1},{"groupId":4,"name":"9th
        Edition","abbreviation":"9ED","isSupplemental":false,"publishedOn":"2005-04-29T00:00:00","modifiedOn":"2019-04-08T17:38:43.193","categoryId":1},{"groupId":1857,"name":"Aether
        Revolt","abbreviation":"AER","isSupplemental":false,"publishedOn":"2017-01-20T00:00:00","modifiedOn":"2019-04-08T18:17:36.603","categoryId":1},{"groupId":5,"name":"Alara
        Reborn","abbreviation":"ARB","isSupplemental":false,"publishedOn":"2009-04-30T00:00:00","modifiedOn":"2019-04-08T14:03:19.55","categoryId":1},{"groupId":6,"name":"Alliances","abbreviation":"ALL","isSupplemental":false,"publishedOn":"1996-06-10T00:00:00","modifiedOn":"2019-04-07T15:16:02.313","categoryId":1},{"groupId":7,"name":"Alpha
        Edition","abbreviation":"LEA","isSupplemental":false,"publishedOn":"1993-09-05T00:00:00","modifiedOn":"2019-04-05T17:42:30.353","categoryId":1},{"groupId":1882,"name":"Amonkhet","abbreviation":"AKH","isSupplemental":false,"publishedOn":"2017-04-28T00:00:00","modifiedOn":"2019-04-07T13:03:37.937","categoryId":1},{"groupId":1275,"name":"Anthologies","abbreviation":"ATH","isSupplemental":true,"publishedOn":"1998-11-02T00:00:00","modifiedOn":"2019-04-07T15:51:16.513","categoryId":1},{"groupId":8,"name":"Antiquities","abbreviation":"ATQ","isSupplemental":false,"publishedOn":"1994-03-07T00:00:00","modifiedOn":"2019-04-08T13:51:23.983","categoryId":1},{"groupId":9,"name":"APAC
        Lands","abbreviation":"APAC","isSupplemental":true,"publishedOn":"1998-09-04T00:00:00","modifiedOn":"2019-03-26T12:20:04.733","categoryId":1},{"groupId":10,"name":"Apocalypse","abbreviation":"APC","isSupplemental":false,"publishedOn":"2001-06-04T00:00:00","modifiedOn":"2019-04-05T14:09:23.17","categoryId":1},{"groupId":11,"name":"Arabian
        Nights","abbreviation":"ARN","isSupplemental":false,"publishedOn":"1963-03-01T00:00:00","modifiedOn":"2019-03-31T12:14:29.227","categoryId":1},{"groupId":12,"name":"Archenemy","abbreviation":"ARC","isSupplemental":true,"publishedOn":"2010-06-18T00:00:00","modifiedOn":"2019-03-25T04:34:29.457","categoryId":1},{"groupId":1904,"name":"Archenemy:
        Nicol Bolas","abbreviation":"AC2","isSupplemental":true,"publishedOn":"2017-06-16T00:00:00","modifiedOn":"2019-04-08T12:04:57.153","categoryId":1},{"groupId":13,"name":"Arena
        Promos","abbreviation":"ARENA","isSupplemental":true,"publishedOn":"1996-07-04T00:00:00","modifiedOn":"2019-03-27T12:55:53.597","categoryId":1},{"groupId":14,"name":"Astral","abbreviation":null,"isSupplemental":true,"publishedOn":"1959-01-26T00:00:00","modifiedOn":"2017-08-11T19:58:50.077","categoryId":1},{"groupId":362,"name":"Avacyn
        Restored","abbreviation":"AVR","isSupplemental":false,"publishedOn":"1969-02-01T00:00:00","modifiedOn":"2019-04-07T03:18:48.927","categoryId":1},{"groupId":1645,"name":"Battle
        for Zendikar","abbreviation":"BFZ","isSupplemental":false,"publishedOn":"2015-10-02T00:00:00","modifiedOn":"2019-04-08T12:36:28.113","categoryId":1},{"groupId":15,"name":"Battle
        Royale Box Set","abbreviation":"BRB","isSupplemental":true,"publishedOn":"1959-12-30T00:00:00","modifiedOn":"2019-04-03T17:48:47.71","categoryId":1},{"groupId":2245,"name":"Battlebond","abbreviation":"BBD","isSupplemental":false,"publishedOn":"2018-06-08T00:00:00","modifiedOn":"2019-04-08T19:00:18.047","categoryId":1},{"groupId":16,"name":"Beatdown
        Box Set","abbreviation":"BTD","isSupplemental":true,"publishedOn":"1959-12-31T00:00:00","modifiedOn":"2019-03-18T15:36:20.587","categoryId":1},{"groupId":17,"name":"Beta
        Edition","abbreviation":"LEB","isSupplemental":false,"publishedOn":"1993-10-04T00:00:00","modifiedOn":"2019-04-08T17:54:37.48","categoryId":1},{"groupId":18,"name":"Betrayers
        of Kamigawa","abbreviation":"BOK","isSupplemental":false,"publishedOn":"2005-02-04T00:00:00","modifiedOn":"2019-04-05T19:35:58.933","categoryId":1},{"groupId":1276,"name":"Born
        of the Gods","abbreviation":"BNG","isSupplemental":false,"publishedOn":"1969-09-01T00:00:00","modifiedOn":"2019-04-06T16:20:31.51","categoryId":1},{"groupId":19,"name":"Box
        Sets","abbreviation":null,"isSupplemental":true,"publishedOn":"1959-01-25T00:00:00","modifiedOn":"2017-03-01T11:03:36.18","categoryId":1},{"groupId":2156,"name":"Buy-A-Box
        Promos","abbreviation":"BABP","isSupplemental":true,"publishedOn":"2009-07-19T00:00:00","modifiedOn":"2019-04-08T20:32:29.707","categoryId":1},{"groupId":2203,"name":"Challenger
        Decks","abbreviation":"Q01","isSupplemental":true,"publishedOn":"2018-04-06T00:00:00","modifiedOn":"2019-03-20T18:06:12.737","categoryId":1},{"groupId":20,"name":"Champions
        of Kamigawa","abbreviation":"CHK","isSupplemental":false,"publishedOn":"2004-10-01T00:00:00","modifiedOn":"2019-04-08T17:37:56.157","categoryId":1},{"groupId":21,"name":"Champs
        Promos","abbreviation":"CHAMPS","isSupplemental":true,"publishedOn":"2006-03-18T00:00:00","modifiedOn":"2019-01-27T20:21:31.553","categoryId":1},{"groupId":22,"name":"Chronicles","abbreviation":"CHR","isSupplemental":true,"publishedOn":"1995-04-03T00:00:00","modifiedOn":"2019-04-07T13:57:55.113","categoryId":1},{"groupId":23,"name":"Classic
        Sixth Edition","abbreviation":"6ED","isSupplemental":false,"publishedOn":"1999-04-28T00:00:00","modifiedOn":"2019-04-08T11:57:54.88","categoryId":1},{"groupId":24,"name":"Coldsnap","abbreviation":"CSP","isSupplemental":false,"publishedOn":"2006-07-21T00:00:00","modifiedOn":"2019-04-07T14:32:51.02","categoryId":1},{"groupId":1348,"name":"Coldsnap
        Theme Deck Reprints","abbreviation":"CTD","isSupplemental":true,"publishedOn":"2006-07-21T00:00:00","modifiedOn":"2019-04-05T16:21:28.297","categoryId":1},{"groupId":1526,"name":"Collector''s
        Edition","abbreviation":"CED","isSupplemental":true,"publishedOn":"1993-12-03T00:00:00","modifiedOn":"2019-03-23T17:39:19.633","categoryId":1},{"groupId":25,"name":"Commander","abbreviation":"CMD","isSupplemental":true,"publishedOn":"1962-06-01T00:00:00","modifiedOn":"2019-04-07T18:11:40.793","categoryId":1},{"groupId":1164,"name":"Commander
        2013","abbreviation":"C13","isSupplemental":true,"publishedOn":"1962-07-01T00:00:00","modifiedOn":"2019-04-07T16:48:34.04","categoryId":1},{"groupId":1476,"name":"Commander
        2014","abbreviation":"C14","isSupplemental":true,"publishedOn":"2014-11-07T00:00:00","modifiedOn":"2019-04-07T17:18:19.713","categoryId":1},{"groupId":1673,"name":"Commander
        2015","abbreviation":"C15","isSupplemental":true,"publishedOn":"2015-11-13T00:00:00","modifiedOn":"2019-04-06T14:47:35.973","categoryId":1},{"groupId":1792,"name":"Commander
        2016","abbreviation":"C16","isSupplemental":true,"publishedOn":"2016-11-11T00:00:00","modifiedOn":"2019-04-05T19:40:36.327","categoryId":1},{"groupId":2009,"name":"Commander
        2017","abbreviation":"C17","isSupplemental":true,"publishedOn":"2017-08-25T00:00:00","modifiedOn":"2019-04-08T17:16:13.137","categoryId":1},{"groupId":2251,"name":"Commander
        2018","abbreviation":"C18","isSupplemental":true,"publishedOn":"2018-08-10T00:00:00","modifiedOn":"2019-04-08T14:33:39.39","categoryId":1},{"groupId":1933,"name":"Commander
        Anthology","abbreviation":"CMA","isSupplemental":true,"publishedOn":"2017-06-09T00:00:00","modifiedOn":"2019-04-02T14:46:35.787","categoryId":1},{"groupId":2246,"name":"Commander
        Anthology Volume II","abbreviation":"CM2","isSupplemental":true,"publishedOn":"2018-06-08T00:00:00","modifiedOn":"2019-04-08T14:30:45.11","categoryId":1},{"groupId":568,"name":"Commander''s
        Arsenal","abbreviation":"CM1","isSupplemental":true,"publishedOn":"1962-08-01T00:00:00","modifiedOn":"2018-12-15T00:00:26.067","categoryId":1},{"groupId":26,"name":"Conflux","abbreviation":"CON","isSupplemental":false,"publishedOn":"2009-02-06T00:00:00","modifiedOn":"2019-04-07T16:49:05.2","categoryId":1},{"groupId":1312,"name":"Conspiracy","abbreviation":"CNS","isSupplemental":true,"publishedOn":"1962-03-02T00:00:00","modifiedOn":"2019-04-08T17:14:31.6","categoryId":1},{"groupId":1794,"name":"Conspiracy:
        Take the Crown","abbreviation":"CN2","isSupplemental":true,"publishedOn":"2016-08-26T00:00:00","modifiedOn":"2019-04-08T12:13:03.033","categoryId":1},{"groupId":2250,"name":"Core
        Set 2019","abbreviation":"M19","isSupplemental":false,"publishedOn":"2018-07-13T00:00:00","modifiedOn":"2019-04-08T15:07:12.3","categoryId":1},{"groupId":2441,"name":"Core
        Set 2020","abbreviation":"M20","isSupplemental":false,"publishedOn":"2019-07-12T00:00:00","modifiedOn":"2019-04-05T16:44:40.887","categoryId":1},{"groupId":125,"name":"Dark
        Ascension","abbreviation":"DKA","isSupplemental":false,"publishedOn":"1969-01-01T00:00:00","modifiedOn":"2019-04-06T03:54:30.083","categoryId":1},{"groupId":27,"name":"Darksteel","abbreviation":"DST","isSupplemental":false,"publishedOn":"2004-02-06T00:00:00","modifiedOn":"2019-04-06T11:28:22.187","categoryId":1},{"groupId":1311,"name":"Deckmasters
        Garfield vs Finkel","abbreviation":"DKM","isSupplemental":true,"publishedOn":"1960-01-01T00:00:00","modifiedOn":"2019-03-15T16:37:25.073","categoryId":1},{"groupId":28,"name":"Dissension","abbreviation":"DIS","isSupplemental":false,"publishedOn":"2006-05-06T00:00:00","modifiedOn":"2019-04-06T12:46:26.453","categoryId":1},{"groupId":2199,"name":"Dominaria","abbreviation":"DOM","isSupplemental":false,"publishedOn":"2018-04-27T00:00:00","modifiedOn":"2019-04-08T08:28:02.003","categoryId":1},{"groupId":570,"name":"Dragon''s
        Maze","abbreviation":"DGM","isSupplemental":false,"publishedOn":"1969-06-01T00:00:00","modifiedOn":"2019-04-08T12:30:41.713","categoryId":1},{"groupId":1515,"name":"Dragons
        of Tarkir","abbreviation":"DTK","isSupplemental":false,"publishedOn":"2015-03-27T00:00:00","modifiedOn":"2019-04-08T13:27:12.05","categoryId":1},{"groupId":29,"name":"Duel
        Decks","abbreviation":null,"isSupplemental":true,"publishedOn":"1959-01-22T00:00:00","modifiedOn":"2017-03-01T11:03:36.18","categoryId":1},{"groupId":30,"name":"Duel
        Decks: Ajani vs. Nicol Bolas","abbreviation":"DDH","isSupplemental":true,"publishedOn":"1961-03-08T00:00:00","modifiedOn":"2019-03-29T14:16:06.99","categoryId":1},{"groupId":1490,"name":"Duel
        Decks: Anthology","abbreviation":"DD3","isSupplemental":true,"publishedOn":"2014-12-05T00:00:00","modifiedOn":"2019-04-08T13:07:22.503","categoryId":1},{"groupId":1726,"name":"Duel
        Decks: Blessed vs. Cursed","abbreviation":"DDQ","isSupplemental":true,"publishedOn":"2016-02-26T00:00:00","modifiedOn":"2019-03-29T18:04:27.13","categoryId":1},{"groupId":31,"name":"Duel
        Decks: Divine vs. Demonic","abbreviation":"DDC","isSupplemental":true,"publishedOn":"1961-03-03T00:00:00","modifiedOn":"2019-04-07T17:25:35.493","categoryId":1},{"groupId":1511,"name":"Duel
        Decks: Elspeth vs. Kiora","abbreviation":"DDO","isSupplemental":true,"publishedOn":"2015-02-27T00:00:00","modifiedOn":"2019-04-07T12:11:28.1","categoryId":1},{"groupId":32,"name":"Duel
        Decks: Elspeth vs. Tezzeret","abbreviation":"DDF","isSupplemental":true,"publishedOn":"1961-03-06T00:00:00","modifiedOn":"2019-04-08T03:54:56.44","categoryId":1},{"groupId":33,"name":"Duel
        Decks: Elves vs. Goblins","abbreviation":"EVG","isSupplemental":true,"publishedOn":"1961-03-01T00:00:00","modifiedOn":"2019-04-06T12:48:00.203","categoryId":1},{"groupId":2207,"name":"Duel
        Decks: Elves vs. Inventors","abbreviation":"DDU","isSupplemental":true,"publishedOn":"2018-04-06T00:00:00","modifiedOn":"2019-04-08T15:23:00.997","categoryId":1},{"groupId":34,"name":"Duel
        Decks: Garruk vs. Liliana","abbreviation":"DDD","isSupplemental":true,"publishedOn":"1961-03-04T00:00:00","modifiedOn":"2019-04-06T16:20:16.39","categoryId":1},{"groupId":1145,"name":"Duel
        Decks: Heroes vs. Monsters","abbreviation":"DDL","isSupplemental":true,"publishedOn":"1961-03-12T00:00:00","modifiedOn":"2019-04-06T11:59:41.523","categoryId":1},{"groupId":365,"name":"Duel
        Decks: Izzet vs. Golgari","abbreviation":"DDJ","isSupplemental":true,"publishedOn":"1961-03-10T00:00:00","modifiedOn":"2019-03-29T05:19:34.213","categoryId":1},{"groupId":35,"name":"Duel
        Decks: Jace vs. Chandra","abbreviation":"DD2","isSupplemental":true,"publishedOn":"1961-03-02T00:00:00","modifiedOn":"2019-04-05T16:19:32.27","categoryId":1},{"groupId":1166,"name":"Duel
        Decks: Jace vs. Vraska","abbreviation":"DDM","isSupplemental":true,"publishedOn":"1961-03-13T00:00:00","modifiedOn":"2019-04-04T12:46:15.683","categoryId":1},{"groupId":36,"name":"Duel
        Decks: Knights vs. Dragons","abbreviation":"DDG","isSupplemental":true,"publishedOn":"1961-03-07T00:00:00","modifiedOn":"2019-04-07T12:09:20.437","categoryId":1},{"groupId":2076,"name":"Duel
        Decks: Merfolk vs. Goblins","abbreviation":"DDT","isSupplemental":true,"publishedOn":"2017-11-10T00:00:00","modifiedOn":"2019-04-01T01:46:07.743","categoryId":1},{"groupId":1905,"name":"Duel
        Decks: Mind vs. Might","abbreviation":"DDS","isSupplemental":true,"publishedOn":"2017-03-31T00:00:00","modifiedOn":"2019-03-19T12:51:33.973","categoryId":1},{"groupId":1835,"name":"Duel
        Decks: Nissa vs. Ob Nixilis","abbreviation":"DDR","isSupplemental":true,"publishedOn":"2016-09-02T00:00:00","modifiedOn":"2019-04-08T11:53:42.223","categoryId":1},{"groupId":37,"name":"Duel
        Decks: Phyrexia vs. the Coalition","abbreviation":"DDE","isSupplemental":true,"publishedOn":"1961-03-05T00:00:00","modifiedOn":"2019-04-03T12:19:13.667","categoryId":1},{"groupId":601,"name":"Duel
        Decks: Sorin vs. Tibalt","abbreviation":"DDK","isSupplemental":true,"publishedOn":"1961-03-11T00:00:00","modifiedOn":"2019-04-02T17:31:54.583","categoryId":1},{"groupId":1477,"name":"Duel
        Decks: Speed vs. Cunning","abbreviation":"DDN","isSupplemental":true,"publishedOn":"1961-03-14T00:00:00","modifiedOn":"2019-03-28T17:21:32.943","categoryId":1},{"groupId":367,"name":"Duel
        Decks: Venser vs. Koth","abbreviation":"DDI","isSupplemental":true,"publishedOn":"1961-03-09T00:00:00","modifiedOn":"2019-04-08T12:56:42.127","categoryId":1},{"groupId":1641,"name":"Duel
        Decks: Zendikar vs. Eldrazi","abbreviation":"DDP","isSupplemental":true,"publishedOn":"2015-08-28T00:00:00","modifiedOn":"2019-04-07T17:17:03.033","categoryId":1},{"groupId":1274,"name":"Duels
        of the Planeswalkers","abbreviation":"DPA","isSupplemental":true,"publishedOn":"2009-06-17T00:00:00","modifiedOn":"2019-03-25T13:26:32.663","categoryId":1},{"groupId":1790,"name":"Eldritch
        Moon","abbreviation":"EMN","isSupplemental":false,"publishedOn":"2016-07-22T00:00:00","modifiedOn":"2019-04-08T15:10:40.527","categoryId":1},{"groupId":1740,"name":"Eternal
        Masters","abbreviation":"EMA","isSupplemental":true,"publishedOn":"2016-06-10T00:00:00","modifiedOn":"2019-04-08T18:15:36.617","categoryId":1},{"groupId":38,"name":"European
        Lands","abbreviation":"EURO","isSupplemental":true,"publishedOn":"2000-02-05T00:00:00","modifiedOn":"2018-11-05T13:42:41.753","categoryId":1},{"groupId":39,"name":"Eventide","abbreviation":"EVE","isSupplemental":false,"publishedOn":"2008-07-25T00:00:00","modifiedOn":"2019-04-07T18:02:11.95","categoryId":1},{"groupId":40,"name":"Exodus","abbreviation":"EXO","isSupplemental":false,"publishedOn":"1998-06-15T00:00:00","modifiedOn":"2019-04-08T15:39:11.24","categoryId":1},{"groupId":2077,"name":"Explorers
        of Ixalan","abbreviation":"E02","isSupplemental":true,"publishedOn":"2017-11-24T00:00:00","modifiedOn":"2019-03-30T13:57:43.357","categoryId":1},{"groupId":41,"name":"Fallen
        Empires","abbreviation":"FEM","isSupplemental":false,"publishedOn":"1994-11-07T00:00:00","modifiedOn":"2019-04-03T13:09:24.707","categoryId":1},{"groupId":1497,"name":"Fate
        Reforged","abbreviation":"FRF","isSupplemental":false,"publishedOn":"2015-01-23T00:00:00","modifiedOn":"2019-04-08T14:46:17.103","categoryId":1},{"groupId":43,"name":"Fifth
        Dawn","abbreviation":"5DN","isSupplemental":false,"publishedOn":"2004-06-04T00:00:00","modifiedOn":"2019-04-08T14:02:49.977","categoryId":1},{"groupId":44,"name":"Fifth
        Edition","abbreviation":"5ED","isSupplemental":false,"publishedOn":"1997-03-24T00:00:00","modifiedOn":"2019-04-08T15:14:40.92","categoryId":1},{"groupId":45,"name":"FNM
        Promos","abbreviation":"FNM","isSupplemental":true,"publishedOn":"2000-02-01T00:00:00","modifiedOn":"2019-04-08T14:41:12.153","categoryId":1},{"groupId":46,"name":"Fourth
        Edition","abbreviation":"4ED","isSupplemental":false,"publishedOn":"1995-04-03T00:00:00","modifiedOn":"2019-04-07T12:11:32.347","categoryId":1},{"groupId":1688,"name":"Fourth
        Edition (Foreign Black Border)","abbreviation":null,"isSupplemental":true,"publishedOn":"2019-04-08T23:45:58.7928485Z","modifiedOn":"2019-04-01T18:44:56.15","categoryId":1},{"groupId":1687,"name":"Fourth
        Edition (Foreign White Border)","abbreviation":null,"isSupplemental":true,"publishedOn":"2019-04-08T23:45:58.7928485Z","modifiedOn":"2017-11-28T11:32:14.507","categoryId":1},{"groupId":1577,"name":"From
        the Vault: Angels","abbreviation":"V15","isSupplemental":true,"publishedOn":"2015-08-21T00:00:00","modifiedOn":"2019-04-04T19:06:28.36","categoryId":1},{"groupId":1475,"name":"From
        the Vault: Annihilation","abbreviation":"V14","isSupplemental":true,"publishedOn":"1961-02-02T00:00:00","modifiedOn":"2019-04-03T12:00:21.183","categoryId":1},{"groupId":47,"name":"From
        the Vault: Dragons","abbreviation":"DRB","isSupplemental":true,"publishedOn":"1960-09-01T00:00:00","modifiedOn":"2018-10-23T18:07:41.07","categoryId":1},{"groupId":48,"name":"From
        the Vault: Exiled","abbreviation":"V09","isSupplemental":true,"publishedOn":"1960-10-01T00:00:00","modifiedOn":"2018-12-19T14:16:37.897","categoryId":1}]}'
    headers:
      Cache-Control:
      - no-cache
      Content-Length:
      - '17807'
      Content-Type:
      - application/json; charset=utf-8
      Date:
      - Mon, 08 Apr 2019 23:45:58 GMT
      Expires:
      - '-1'
      Pragma:
      - no-cache
      Server:
      - Microsoft-IIS/8.5
      X-AspNet-Version:
      - 4.0.30319
    status:
      code: 200
      message: OK
- request:
    body: null
    headers:
      Accept:
      - application/json
      Accept-Encoding:
      - gzip, deflate
      Authorization:
      - bearer WIjh-5ORUAUwGqoaM7rZQAxU68CjxIcRoRJFpuTflYqlOR58SwpoOgv7d3aNetBklt0baS1dmXK470Q4xIm8cZrfua4OG9nAtkSp2S-pt1dhMhUiFV-gKpMQz8Q_iNSsbFuHd8u_CvkgbVeA94F3FdvhhKiiIQ4_TD7v461X-7WcwMnWfQfwj5IqokVcVfn2QUEHeqDaZcQ5GzERH_6GiGRck89WLysQ53h5Qo05QT3CE2HrNr6sA_nt5KRX5tIdkJbm6TqxrFlDnedrS6ABMdfn_oxFiXTwyvWmrDKR9SA5B8epvId0fej38UgSApz2KfG5cA
      Connection:
      - keep-alive
      User-Agent:
      - python-requests/2.21.0
    method: GET
    uri: http://api.tcgplayer.com/catalog/groups?categoryId=1&limit=100&offset=100
  response:
    body:
      string: '{"totalItems":238,"success":true,"errors":[],"results":[{"groupId":49,"name":"From
        the Vault: Legends","abbreviation":"V11","isSupplemental":true,"publishedOn":"1960-12-01T00:00:00","modifiedOn":"2019-02-15T13:27:05.853","categoryId":1},{"groupId":1821,"name":"From
        the Vault: Lore","abbreviation":"V16","isSupplemental":true,"publishedOn":"2016-08-19T00:00:00","modifiedOn":"2019-03-20T16:43:53.3","categoryId":1},{"groupId":368,"name":"From
        the Vault: Realms","abbreviation":"V12","isSupplemental":true,"publishedOn":"1961-01-01T00:00:00","modifiedOn":"2019-03-25T12:49:16.697","categoryId":1},{"groupId":50,"name":"From
        the Vault: Relics","abbreviation":"V10","isSupplemental":true,"publishedOn":"1960-11-01T00:00:00","modifiedOn":"2019-04-02T14:00:48.51","categoryId":1},{"groupId":2078,"name":"From
        the Vault: Transform","abbreviation":"V17","isSupplemental":true,"publishedOn":"2017-11-24T00:00:00","modifiedOn":"2019-04-03T12:41:56.613","categoryId":1},{"groupId":1141,"name":"From
        the Vault: Twenty","abbreviation":"V13","isSupplemental":true,"publishedOn":"1961-02-01T00:00:00","modifiedOn":"2019-03-29T12:54:47.593","categoryId":1},{"groupId":51,"name":"Future
        Sight","abbreviation":"FUT","isSupplemental":false,"publishedOn":"2007-05-04T00:00:00","modifiedOn":"2019-04-07T05:26:18.12","categoryId":1},{"groupId":52,"name":"Game
        Day & Store Championship Promos","abbreviation":"GAME","isSupplemental":true,"publishedOn":"2007-07-14T00:00:00","modifiedOn":"2019-04-08T17:21:12.413","categoryId":1},{"groupId":569,"name":"Gatecrash","abbreviation":"GTC","isSupplemental":false,"publishedOn":"2013-02-01T00:00:00","modifiedOn":"2019-04-08T12:13:08.687","categoryId":1},{"groupId":2084,"name":"Gift
        Boxes and Promos","abbreviation":"GBP","isSupplemental":true,"publishedOn":"2017-10-20T00:00:00","modifiedOn":"2019-03-30T07:57:41.117","categoryId":1},{"groupId":2247,"name":"Global
        Series Jiang Yanggu & Mu Yanling","abbreviation":"GS1","isSupplemental":false,"publishedOn":"2018-06-22T00:00:00","modifiedOn":"2019-02-16T12:41:52.607","categoryId":1},{"groupId":54,"name":"Grand
        Prix Promos","abbreviation":"GPP","isSupplemental":true,"publishedOn":"2007-02-24T00:00:00","modifiedOn":"2019-03-26T11:58:09.547","categoryId":1},{"groupId":55,"name":"Guildpact","abbreviation":"GPT","isSupplemental":false,"publishedOn":"2006-02-03T00:00:00","modifiedOn":"2019-04-04T17:49:33.61","categoryId":1},{"groupId":2290,"name":"Guilds
        of Ravnica","abbreviation":"GRN","isSupplemental":false,"publishedOn":"2018-10-05T00:00:00","modifiedOn":"2019-04-07T12:24:46.81","categoryId":1},{"groupId":2334,"name":"Guilds
        of Ravnica: Guild Kits","abbreviation":"GR1","isSupplemental":true,"publishedOn":"2018-11-02T00:00:00","modifiedOn":"2019-04-08T17:51:50.323","categoryId":1},{"groupId":2326,"name":"Guilds
        of Ravnica: Mythic Edition","abbreviation":"MED","isSupplemental":true,"publishedOn":"2018-10-03T00:00:00","modifiedOn":"2019-03-10T15:02:59.93","categoryId":1},{"groupId":56,"name":"Guru
        Lands","abbreviation":"GUR","isSupplemental":true,"publishedOn":"1999-07-12T00:00:00","modifiedOn":"2018-04-07T19:53:40.87","categoryId":1},{"groupId":1524,"name":"Hero''s
        Path Promos","abbreviation":"HERO","isSupplemental":true,"publishedOn":"2013-09-21T00:00:00","modifiedOn":"2019-02-06T18:24:22.56","categoryId":1},{"groupId":57,"name":"Homelands","abbreviation":"HML","isSupplemental":false,"publishedOn":"1995-10-02T00:00:00","modifiedOn":"2019-04-06T18:08:56.977","categoryId":1},{"groupId":1934,"name":"Hour
        of Devastation","abbreviation":"HOU","isSupplemental":false,"publishedOn":"2017-07-14T00:00:00","modifiedOn":"2019-04-08T19:14:26.03","categoryId":1},{"groupId":58,"name":"Ice
        Age","abbreviation":"ICE","isSupplemental":false,"publishedOn":"1995-06-12T00:00:00","modifiedOn":"2019-04-07T17:18:44.34","categoryId":1},{"groupId":2050,"name":"Iconic
        Masters","abbreviation":"IMA","isSupplemental":true,"publishedOn":"2017-11-17T00:00:00","modifiedOn":"2019-04-08T13:39:30.667","categoryId":1},{"groupId":59,"name":"Innistrad","abbreviation":"ISD","isSupplemental":false,"publishedOn":"1968-12-01T00:00:00","modifiedOn":"2019-04-08T17:59:32.457","categoryId":1},{"groupId":1527,"name":"International
        Edition","abbreviation":"IED","isSupplemental":true,"publishedOn":"1993-12-03T00:00:00","modifiedOn":"2018-12-04T19:50:32.697","categoryId":1},{"groupId":60,"name":"Invasion","abbreviation":"INV","isSupplemental":false,"publishedOn":"2000-10-02T00:00:00","modifiedOn":"2019-04-05T17:06:59.533","categoryId":1},{"groupId":2043,"name":"Ixalan","abbreviation":"XLN","isSupplemental":false,"publishedOn":"2017-09-29T00:00:00","modifiedOn":"2019-04-08T12:43:26.85","categoryId":1},{"groupId":2351,"name":"JingHe
        Age Token Cards","abbreviation":"JATC","isSupplemental":false,"publishedOn":"2002-01-01T00:00:00","modifiedOn":"2018-09-27T17:09:01.543","categoryId":1},{"groupId":1277,"name":"Journey
        Into Nyx","abbreviation":"JOU","isSupplemental":false,"publishedOn":"2014-05-02T00:00:00","modifiedOn":"2019-04-07T17:28:01.757","categoryId":1},{"groupId":62,"name":"Judge
        Promos","abbreviation":"JDG","isSupplemental":true,"publishedOn":"1999-06-07T00:00:00","modifiedOn":"2019-04-07T14:22:44.7","categoryId":1},{"groupId":63,"name":"Judgment","abbreviation":"JUD","isSupplemental":false,"publishedOn":"2002-05-27T00:00:00","modifiedOn":"2019-04-02T22:33:57.993","categoryId":1},{"groupId":61,"name":"Junior
        Series Promos","abbreviation":"JSS","isSupplemental":true,"publishedOn":"1999-06-07T00:00:00","modifiedOn":"2019-01-03T18:06:50.027","categoryId":1},{"groupId":1791,"name":"Kaladesh","abbreviation":"KLD","isSupplemental":false,"publishedOn":"2016-09-30T00:00:00","modifiedOn":"2019-04-08T17:41:30.833","categoryId":1},{"groupId":1356,"name":"Khans
        of Tarkir","abbreviation":"KTK","isSupplemental":false,"publishedOn":"2014-09-26T00:00:00","modifiedOn":"2019-04-07T16:19:20.157","categoryId":1},{"groupId":1874,"name":"Launch
        Party & Release Event Promos","abbreviation":"LARP","isSupplemental":true,"publishedOn":"2003-07-26T00:00:00","modifiedOn":"2019-04-08T20:33:11.597","categoryId":1},{"groupId":2087,"name":"League
        Promos","abbreviation":"LEP","isSupplemental":true,"publishedOn":"2017-10-02T00:00:00","modifiedOn":"2019-04-04T14:18:02.623","categoryId":1},{"groupId":65,"name":"Legends","abbreviation":"LEG","isSupplemental":false,"publishedOn":"1994-06-13T00:00:00","modifiedOn":"2019-04-08T18:59:01.483","categoryId":1},{"groupId":66,"name":"Legions","abbreviation":"LGN","isSupplemental":false,"publishedOn":"2003-02-03T00:00:00","modifiedOn":"2019-04-08T15:43:32.84","categoryId":1},{"groupId":67,"name":"Lorwyn","abbreviation":"LRW","isSupplemental":false,"publishedOn":"2007-10-12T00:00:00","modifiedOn":"2019-04-08T14:44:12.64","categoryId":1},{"groupId":68,"name":"Magic
        2010 (M10)","abbreviation":"M10","isSupplemental":false,"publishedOn":"2009-07-17T00:00:00","modifiedOn":"2019-04-08T17:47:48.333","categoryId":1},{"groupId":69,"name":"Magic
        2011 (M11)","abbreviation":"M11","isSupplemental":false,"publishedOn":"2010-07-16T00:00:00","modifiedOn":"2019-04-06T16:21:00.97","categoryId":1},{"groupId":70,"name":"Magic
        2012 (M12)","abbreviation":"M12","isSupplemental":false,"publishedOn":"1968-11-01T00:00:00","modifiedOn":"2019-04-06T13:35:12.783","categoryId":1},{"groupId":364,"name":"Magic
        2013 (M13)","abbreviation":"M13","isSupplemental":false,"publishedOn":"1969-03-01T00:00:00","modifiedOn":"2019-04-08T15:48:02.18","categoryId":1},{"groupId":1113,"name":"Magic
        2014 (M14)","abbreviation":"M14","isSupplemental":false,"publishedOn":"1969-07-01T00:00:00","modifiedOn":"2019-04-08T17:11:01.077","categoryId":1},{"groupId":1293,"name":"Magic
        2015 (M15)","abbreviation":"M15","isSupplemental":false,"publishedOn":"2014-07-18T00:00:00","modifiedOn":"2019-04-08T15:02:23.867","categoryId":1},{"groupId":2359,"name":"Magic
        Game Night","abbreviation":"GNT","isSupplemental":true,"publishedOn":"2018-11-16T00:00:00","modifiedOn":"2019-03-22T18:47:13.933","categoryId":1},{"groupId":1346,"name":"Magic
        Modern Event Deck","abbreviation":"MD1","isSupplemental":true,"publishedOn":"1962-03-03T00:00:00","modifiedOn":"2019-04-05T13:49:11.673","categoryId":1},{"groupId":1512,"name":"Magic
        Origins","abbreviation":"ORI","isSupplemental":false,"publishedOn":"2015-07-17T00:00:00","modifiedOn":"2019-04-08T09:50:25.337","categoryId":1},{"groupId":71,"name":"Magic
        Player Rewards","abbreviation":"MPRP","isSupplemental":true,"publishedOn":"2001-05-21T00:00:00","modifiedOn":"2019-04-08T12:50:43.393","categoryId":1},{"groupId":369,"name":"Magic
        Premiere Shop","abbreviation":"PREM","isSupplemental":true,"publishedOn":"2006-01-07T00:00:00","modifiedOn":"2019-02-20T16:20:10.657","categoryId":1},{"groupId":2376,"name":"MagicFest
        Cards","abbreviation":"MFP","isSupplemental":true,"publishedOn":"2018-12-01T00:00:00","modifiedOn":"2019-04-06T11:59:51.417","categoryId":1},{"groupId":1909,"name":"Masterpiece
        Series: Amonkhet Invocations","abbreviation":"MPS2","isSupplemental":true,"publishedOn":"2017-04-28T00:00:00","modifiedOn":"2019-04-01T19:46:27.667","categoryId":1},{"groupId":1837,"name":"Masterpiece
        Series: Kaladesh Inventions","abbreviation":"MPS","isSupplemental":true,"publishedOn":"2016-09-30T00:00:00","modifiedOn":"2019-04-04T14:28:47.863","categoryId":1},{"groupId":2189,"name":"Masters
        25","abbreviation":"A25","isSupplemental":true,"publishedOn":"2018-03-16T00:00:00","modifiedOn":"2019-04-08T18:52:12.693","categoryId":1},{"groupId":72,"name":"Media
        Promos","abbreviation":"MEDIA","isSupplemental":true,"publishedOn":"1999-01-02T00:00:00","modifiedOn":"2019-04-05T17:43:43.84","categoryId":1},{"groupId":73,"name":"Mercadian
        Masques","abbreviation":"MMQ","isSupplemental":false,"publishedOn":"1999-10-04T00:00:00","modifiedOn":"2019-04-08T15:08:38.723","categoryId":1},{"groupId":74,"name":"Mirage","abbreviation":"MIR","isSupplemental":false,"publishedOn":"1996-10-07T00:00:00","modifiedOn":"2019-04-06T12:00:40.78","categoryId":1},{"groupId":75,"name":"Mirrodin","abbreviation":"MRD","isSupplemental":false,"publishedOn":"2003-10-03T00:00:00","modifiedOn":"2019-04-07T12:14:19.49","categoryId":1},{"groupId":76,"name":"Mirrodin
        Besieged","abbreviation":"MBS","isSupplemental":false,"publishedOn":"1968-09-01T00:00:00","modifiedOn":"2019-04-07T17:17:32.79","categoryId":1},{"groupId":2422,"name":"Modern
        Horizons","abbreviation":"MH1","isSupplemental":true,"publishedOn":"2019-06-14T00:00:00","modifiedOn":"2019-03-01T16:01:07.317","categoryId":1},{"groupId":1111,"name":"Modern
        Masters","abbreviation":"MMA","isSupplemental":true,"publishedOn":"1966-02-01T00:00:00","modifiedOn":"2019-04-07T13:50:56.857","categoryId":1},{"groupId":1503,"name":"Modern
        Masters 2015","abbreviation":"MM2","isSupplemental":true,"publishedOn":"2015-05-22T00:00:00","modifiedOn":"2019-04-03T03:53:39.403","categoryId":1},{"groupId":1879,"name":"Modern
        Masters 2017","abbreviation":"MM3","isSupplemental":true,"publishedOn":"2017-03-17T00:00:00","modifiedOn":"2019-04-08T18:00:47.917","categoryId":1},{"groupId":77,"name":"Morningtide","abbreviation":"MOR","isSupplemental":false,"publishedOn":"2008-02-01T00:00:00","modifiedOn":"2019-04-08T15:37:01.65","categoryId":1},{"groupId":78,"name":"Nemesis","abbreviation":"NMS","isSupplemental":false,"publishedOn":"2000-02-14T00:00:00","modifiedOn":"2019-04-06T12:47:28.37","categoryId":1},{"groupId":79,"name":"New
        Phyrexia","abbreviation":"NPH","isSupplemental":false,"publishedOn":"1968-10-01T00:00:00","modifiedOn":"2019-04-08T15:29:28.507","categoryId":1},{"groupId":1693,"name":"Oath
        of the Gatewatch","abbreviation":"OGW","isSupplemental":false,"publishedOn":"2016-01-22T00:00:00","modifiedOn":"2019-04-08T18:59:18.977","categoryId":1},{"groupId":80,"name":"Odyssey","abbreviation":"ODY","isSupplemental":false,"publishedOn":"2001-10-01T00:00:00","modifiedOn":"2019-04-08T18:59:59.927","categoryId":1},{"groupId":81,"name":"Onslaught","abbreviation":"ONS","isSupplemental":false,"publishedOn":"2002-10-07T00:00:00","modifiedOn":"2019-04-05T17:06:53.05","categoryId":1},{"groupId":2045,"name":"Open
        House Promos","abbreviation":"OHP","isSupplemental":true,"publishedOn":"2017-04-28T00:00:00","modifiedOn":"2019-04-01T19:08:35.47","categoryId":1},{"groupId":82,"name":"Oversize
        Cards","abbreviation":"OVER","isSupplemental":true,"publishedOn":"2002-02-01T00:00:00","modifiedOn":"2019-04-05T17:58:51.877","categoryId":1},{"groupId":83,"name":"Planar
        Chaos","abbreviation":"PLC","isSupplemental":false,"publishedOn":"2007-02-02T00:00:00","modifiedOn":"2019-04-08T17:28:48.483","categoryId":1},{"groupId":84,"name":"Planechase","abbreviation":"HOP","isSupplemental":true,"publishedOn":"1962-04-01T00:00:00","modifiedOn":"2019-04-03T14:11:34.913","categoryId":1},{"groupId":363,"name":"Planechase
        2012","abbreviation":"PC2","isSupplemental":true,"publishedOn":"1962-05-01T00:00:00","modifiedOn":"2019-04-02T12:27:32.047","categoryId":1},{"groupId":1793,"name":"Planechase
        Anthology","abbreviation":"PCA","isSupplemental":true,"publishedOn":"2016-11-25T00:00:00","modifiedOn":"2019-04-08T15:30:51.373","categoryId":1},{"groupId":85,"name":"Planeshift","abbreviation":"PLS","isSupplemental":false,"publishedOn":"2001-02-05T00:00:00","modifiedOn":"2019-04-05T11:54:48.95","categoryId":1},{"groupId":86,"name":"Portal","abbreviation":"POR","isSupplemental":true,"publishedOn":"1997-06-02T00:00:00","modifiedOn":"2019-04-08T14:04:26.093","categoryId":1},{"groupId":87,"name":"Portal
        Second Age","abbreviation":"P02","isSupplemental":true,"publishedOn":"1998-06-08T00:00:00","modifiedOn":"2019-04-02T14:28:49.507","categoryId":1},{"groupId":88,"name":"Portal
        Three Kingdoms","abbreviation":"PTK","isSupplemental":true,"publishedOn":"1999-05-03T00:00:00","modifiedOn":"2019-04-03T15:11:56.443","categoryId":1},{"groupId":89,"name":"Premium
        Deck Series: Fire and Lightning","abbreviation":"PD2","isSupplemental":true,"publishedOn":"1960-07-01T00:00:00","modifiedOn":"2019-04-02T14:01:17.75","categoryId":1},{"groupId":90,"name":"Premium
        Deck Series: Graveborn","abbreviation":"GRV","isSupplemental":true,"publishedOn":"1960-08-01T00:00:00","modifiedOn":"2019-03-21T14:58:49.33","categoryId":1},{"groupId":91,"name":"Premium
        Deck Series: Slivers","abbreviation":"PDS","isSupplemental":true,"publishedOn":"1960-06-01T00:00:00","modifiedOn":"2019-04-04T13:00:42.37","categoryId":1},{"groupId":92,"name":"Prerelease
        Cards","abbreviation":"PRE","isSupplemental":true,"publishedOn":"1997-10-04T00:00:00","modifiedOn":"2019-04-08T21:15:04.88","categoryId":1},{"groupId":93,"name":"Pro
        Tour Promos","abbreviation":"PTP","isSupplemental":true,"publishedOn":"2006-10-20T00:00:00","modifiedOn":"2019-02-13T19:47:14.447","categoryId":1},{"groupId":94,"name":"Prophecy","abbreviation":"PCY","isSupplemental":false,"publishedOn":"2000-06-05T00:00:00","modifiedOn":"2019-04-08T18:05:23.793","categoryId":1},{"groupId":2366,"name":"Ravnica
        Allegiance","abbreviation":"RNA","isSupplemental":false,"publishedOn":"2019-01-25T00:00:00","modifiedOn":"2019-04-08T12:32:11.553","categoryId":1},{"groupId":2388,"name":"Ravnica
        Allegiance: Guild Kits","abbreviation":"GK2","isSupplemental":true,"publishedOn":"2019-02-15T00:00:00","modifiedOn":"2019-04-06T17:22:27.127","categoryId":1},{"groupId":2386,"name":"Ravnica
        Allegiance: Mythic Edition","abbreviation":"MED2","isSupplemental":true,"publishedOn":"2019-01-24T00:00:00","modifiedOn":"2019-03-09T23:11:04.513","categoryId":1},{"groupId":95,"name":"Ravnica:
        City of Guilds","abbreviation":"RAV","isSupplemental":false,"publishedOn":"2005-10-07T00:00:00","modifiedOn":"2019-04-08T13:35:32.463","categoryId":1},{"groupId":2379,"name":"Renaissance","abbreviation":"REN","isSupplemental":true,"publishedOn":"1995-08-04T00:00:00","modifiedOn":"2018-12-21T19:18:16.18","categoryId":1},{"groupId":370,"name":"Return
        to Ravnica","abbreviation":"RTR","isSupplemental":false,"publishedOn":"2012-10-05T00:00:00","modifiedOn":"2019-04-08T13:23:12.487","categoryId":1},{"groupId":97,"name":"Revised
        Edition","abbreviation":"3ED","isSupplemental":false,"publishedOn":"1994-04-04T00:00:00","modifiedOn":"2019-04-08T15:46:35.447","categoryId":1},{"groupId":1689,"name":"Revised
        Edition (Foreign Black Border)","abbreviation":null,"isSupplemental":true,"publishedOn":"2019-04-08T23:46:00.0316539Z","modifiedOn":"2017-11-29T16:57:03.16","categoryId":1},{"groupId":1690,"name":"Revised
        Edition (Foreign White Border)","abbreviation":null,"isSupplemental":true,"publishedOn":"2019-04-08T23:46:00.0316539Z","modifiedOn":"2017-11-28T11:32:41.3","categoryId":1},{"groupId":98,"name":"Rise
        of the Eldrazi","abbreviation":"ROE","isSupplemental":false,"publishedOn":"2010-04-23T00:00:00","modifiedOn":"2019-04-07T17:18:31.583","categoryId":1},{"groupId":2098,"name":"Rivals
        of Ixalan","abbreviation":"RIX","isSupplemental":false,"publishedOn":"2018-01-19T00:00:00","modifiedOn":"2019-04-07T17:53:58.343","categoryId":1},{"groupId":99,"name":"Saviors
        of Kamigawa","abbreviation":"SOK","isSupplemental":false,"publishedOn":"2005-03-03T00:00:00","modifiedOn":"2019-04-05T18:52:30.027","categoryId":1},{"groupId":100,"name":"Scars
        of Mirrodin","abbreviation":"SOM","isSupplemental":false,"publishedOn":"2010-10-01T00:00:00","modifiedOn":"2019-04-07T13:26:47.587","categoryId":1},{"groupId":101,"name":"Scourge","abbreviation":"SCG","isSupplemental":false,"publishedOn":"2003-05-26T00:00:00","modifiedOn":"2019-03-31T16:16:35.49","categoryId":1},{"groupId":102,"name":"Shadowmoor","abbreviation":"SHM","isSupplemental":false,"publishedOn":"2008-05-02T00:00:00","modifiedOn":"2019-04-07T11:57:16.82","categoryId":1},{"groupId":1708,"name":"Shadows
        over Innistrad","abbreviation":"SOI","isSupplemental":false,"publishedOn":"2016-04-08T00:00:00","modifiedOn":"2019-04-08T15:43:59.003","categoryId":1}]}'
    headers:
      Cache-Control:
      - no-cache
      Content-Length:
      - '17735'
      Content-Type:
      - application/json; charset=utf-8
      Date:
      - Mon, 08 Apr 2019 23:45:59 GMT
      Expires:
      - '-1'
      Pragma:
      - no-cache
      Server:
      - Microsoft-IIS/8.5
      X-AspNet-Version:
      - 4.0.30319
    status:
      code: 200
      message: OK
- request:
    body: null
    headers:
      Accept:
      - application/json
      Accept-Encoding:
      - gzip, deflate
      Authorization:
      - bearer WIjh-5ORUAUwGqoaM7rZQAxU68CjxIcRoRJFpuTflYqlOR58SwpoOgv7d3aNetBklt0baS1dmXK470Q4xIm8cZrfua4OG9nAtkSp2S-pt1dhMhUiFV-gKpMQz8Q_iNSsbFuHd8u_CvkgbVeA94F3FdvhhKiiIQ4_TD7v461X-7WcwMnWfQfwj5IqokVcVfn2QUEHeqDaZcQ5GzERH_6GiGRck89WLysQ53h5Qo05QT3CE2HrNr6sA_nt5KRX5tIdkJbm6TqxrFlDnedrS6ABMdfn_oxFiXTwyvWmrDKR9SA5B8epvId0fej38UgSApz2KfG5cA
      Connection:
      - keep-alive
      User-Agent:
      - python-requests/2.21.0
    method: GET
    uri: http://api.tcgplayer.com/catalog/groups?categoryId=1&limit=100&offset=200
  response:
    body:
      string: '{"totalItems":238,"success":true,"errors":[],"results":[{"groupId":103,"name":"Shards
        of Alara","abbreviation":"ALA","isSupplemental":false,"publishedOn":"2008-10-03T00:00:00","modifiedOn":"2019-04-08T18:12:35.743","categoryId":1},{"groupId":2220,"name":"Signature
        Spellbook: Jace","abbreviation":"SS1","isSupplemental":true,"publishedOn":"2018-06-15T00:00:00","modifiedOn":"2019-04-08T14:49:03.76","categoryId":1},{"groupId":104,"name":"Special
        Occasion","abbreviation":"SPECIAL","isSupplemental":true,"publishedOn":"2006-12-02T00:00:00","modifiedOn":"2018-12-28T16:13:05.84","categoryId":1},{"groupId":2307,"name":"Spellslinger
        Starter Kit","abbreviation":"SSK","isSupplemental":false,"publishedOn":"2018-10-05T00:00:00","modifiedOn":"2018-08-20T20:22:41.123","categoryId":1},{"groupId":2067,"name":"Standard
        Showdown Promos","abbreviation":"SSP","isSupplemental":true,"publishedOn":"2017-09-29T00:00:00","modifiedOn":"2019-04-05T14:20:04.207","categoryId":1},{"groupId":105,"name":"Starter
        1999","abbreviation":"S99","isSupplemental":true,"publishedOn":"1999-04-05T00:00:00","modifiedOn":"2019-04-03T13:53:09.263","categoryId":1},{"groupId":106,"name":"Starter
        2000","abbreviation":"S00","isSupplemental":true,"publishedOn":"2000-04-03T00:00:00","modifiedOn":"2019-03-04T16:29:46.037","categoryId":1},{"groupId":107,"name":"Stronghold","abbreviation":"STH","isSupplemental":false,"publishedOn":"1998-03-02T00:00:00","modifiedOn":"2019-04-07T14:27:33.047","categoryId":1},{"groupId":1520,"name":"Tarkir
        Dragonfury Promos","abbreviation":"TDP","isSupplemental":true,"publishedOn":"2015-03-21T00:00:00","modifiedOn":"2019-04-01T13:55:21.007","categoryId":1},{"groupId":108,"name":"Tempest","abbreviation":"TMP","isSupplemental":false,"publishedOn":"1997-10-13T00:00:00","modifiedOn":"2019-04-05T18:33:52.117","categoryId":1},{"groupId":109,"name":"The
        Dark","abbreviation":"DRK","isSupplemental":false,"publishedOn":"1994-08-08T00:00:00","modifiedOn":"2019-04-03T16:10:53.123","categoryId":1},{"groupId":1144,"name":"Theros","abbreviation":"THS","isSupplemental":false,"publishedOn":"2013-09-27T00:00:00","modifiedOn":"2019-04-08T12:19:49.867","categoryId":1},{"groupId":110,"name":"Time
        Spiral","abbreviation":"TSP","isSupplemental":false,"publishedOn":"2006-10-06T00:00:00","modifiedOn":"2019-04-06T16:21:28.623","categoryId":1},{"groupId":111,"name":"Timeshifted","abbreviation":"TSB","isSupplemental":true,"publishedOn":"2006-10-06T00:00:00","modifiedOn":"2019-04-06T16:20:41.487","categoryId":1},{"groupId":112,"name":"Torment","abbreviation":"TOR","isSupplemental":false,"publishedOn":"2002-02-04T00:00:00","modifiedOn":"2019-04-08T15:35:58.007","categoryId":1},{"groupId":1507,"name":"Ugin''s
        Fate Promos","abbreviation":"FRF_UGIN","isSupplemental":true,"publishedOn":"2015-01-17T00:00:00","modifiedOn":"2019-04-06T00:29:29.11","categoryId":1},{"groupId":2360,"name":"Ultimate
        Masters","abbreviation":"UMA","isSupplemental":true,"publishedOn":"2018-12-07T00:00:00","modifiedOn":"2019-04-04T18:11:02.167","categoryId":1},{"groupId":2361,"name":"Ultimate
        Masters: Box Toppers","abbreviation":"UMA:BT","isSupplemental":true,"publishedOn":"2018-12-07T00:00:00","modifiedOn":"2019-03-16T14:06:13.15","categoryId":1},{"groupId":113,"name":"Unglued","abbreviation":"UGL","isSupplemental":true,"publishedOn":"1998-08-17T00:00:00","modifiedOn":"2019-04-07T13:46:54.52","categoryId":1},{"groupId":114,"name":"Unhinged","abbreviation":"UNH","isSupplemental":true,"publishedOn":"2004-11-19T00:00:00","modifiedOn":"2019-03-25T15:00:11.757","categoryId":1},{"groupId":1163,"name":"Unique
        and Miscellaneous Promos","abbreviation":"UMP","isSupplemental":true,"publishedOn":"1999-07-10T00:00:00","modifiedOn":"2019-04-08T15:12:40.897","categoryId":1},{"groupId":115,"name":"Unlimited
        Edition","abbreviation":"2ED","isSupplemental":false,"publishedOn":"1993-12-06T00:00:00","modifiedOn":"2019-04-06T20:31:06.757","categoryId":1},{"groupId":2092,"name":"Unstable","abbreviation":"UST","isSupplemental":true,"publishedOn":"2017-12-08T00:00:00","modifiedOn":"2019-04-08T17:21:20.577","categoryId":1},{"groupId":116,"name":"Urza''s
        Destiny","abbreviation":"UDS","isSupplemental":false,"publishedOn":"1999-06-07T00:00:00","modifiedOn":"2019-04-05T19:37:41.477","categoryId":1},{"groupId":117,"name":"Urza''s
        Legacy","abbreviation":"ULG","isSupplemental":false,"publishedOn":"1999-02-15T00:00:00","modifiedOn":"2019-04-07T14:56:46.3","categoryId":1},{"groupId":118,"name":"Urza''s
        Saga","abbreviation":"USG","isSupplemental":false,"publishedOn":"1998-10-12T00:00:00","modifiedOn":"2019-04-08T18:58:40.997","categoryId":1},{"groupId":119,"name":"Vanguard","abbreviation":"VNG","isSupplemental":true,"publishedOn":"1997-05-21T00:00:00","modifiedOn":"2018-05-01T22:03:13.71","categoryId":1},{"groupId":120,"name":"Visions","abbreviation":"VIS","isSupplemental":false,"publishedOn":"1997-02-03T00:00:00","modifiedOn":"2019-04-06T14:55:24.97","categoryId":1},{"groupId":2418,"name":"War
        of the Spark","abbreviation":"WAR","isSupplemental":false,"publishedOn":"2019-05-03T00:00:00","modifiedOn":"2019-04-08T21:37:52.93","categoryId":1},{"groupId":121,"name":"Weatherlight","abbreviation":"WTH","isSupplemental":false,"publishedOn":"1997-06-09T00:00:00","modifiedOn":"2019-04-05T17:07:58.513","categoryId":1},{"groupId":1765,"name":"Welcome
        Deck 2016","abbreviation":"W16","isSupplemental":true,"publishedOn":"2016-04-08T00:00:00","modifiedOn":"2019-04-04T20:16:33.123","categoryId":1},{"groupId":1930,"name":"Welcome
        Deck 2017","abbreviation":"W17","isSupplemental":true,"publishedOn":"2017-04-28T00:00:00","modifiedOn":"2019-03-05T18:23:30.033","categoryId":1},{"groupId":1832,"name":"WMCQ
        Promo Cards","abbreviation":"WMCQ","isSupplemental":true,"publishedOn":"2016-08-01T00:00:00","modifiedOn":"2018-10-07T19:53:58.51","categoryId":1},{"groupId":2198,"name":"World
        Championship Decks","abbreviation":"WCD","isSupplemental":true,"publishedOn":"1997-08-13T00:00:00","modifiedOn":"2019-04-03T13:13:06.117","categoryId":1},{"groupId":122,"name":"Worldwake","abbreviation":"WWK","isSupplemental":false,"publishedOn":"2010-02-05T00:00:00","modifiedOn":"2019-04-07T17:17:30.937","categoryId":1},{"groupId":53,"name":"WPN
        & Gateway Promos","abbreviation":"WPN","isSupplemental":true,"publishedOn":"2008-01-05T00:00:00","modifiedOn":"2019-04-08T20:06:11.407","categoryId":1},{"groupId":124,"name":"Zendikar","abbreviation":"ZEN","isSupplemental":false,"publishedOn":"2009-10-02T00:00:00","modifiedOn":"2019-04-08T03:54:34.78","categoryId":1},{"groupId":1649,"name":"Zendikar
        Expeditions","abbreviation":"EXP","isSupplemental":true,"publishedOn":"2015-10-02T00:00:00","modifiedOn":"2019-03-31T07:25:10.24","categoryId":1}]}'
    headers:
      Cache-Control:
      - no-cache
      Content-Length:
      - '6689'
      Content-Type:
      - application/json; charset=utf-8
      Date:
      - Mon, 08 Apr 2019 23:46:01 GMT
      Expires:
      - '-1'
      Pragma:
      - no-cache
      Server:
      - Microsoft-IIS/8.5
      X-AspNet-Version:
      - 4.0.30319
    status:
      code: 200
      message: OK
version: 1
